// Jest Snapshot v1, https://goo.gl/fbAQLP

exports[`IconWithText should render component correctly 1`] = `
<div>
  <button
    class="flex cursor-pointer items-center text-(--color-text-white) transition-colors duration-200 hover:text-(--color-text-green) active:text-(--color-text-validation)"
    data-testid="icon-with-text-test-id"
  >
    <div
      class="flex h-11.5 w-11.5 cursor-pointer items-center justify-center rounded-[5px] bg-transparent hover:bg-transparent transition-colors duration-200 active:bg-transparent active:text-(--color-btn-text-click-secondary)"
      data-testid="icon-test-id"
    >
      <svg
        data-testid="dummy-icon"
      />
    </div>
    <span
      class="ml-1.75 hidden text-2xl leading-[120%] font-bold lg:block"
    >
      test
    </span>
  </button>
</div>
`;
