// Jest Snapshot v1, https://goo.gl/fbAQLP

exports[`QRcard should render QRcomponent correctly 1`] = `
<div>
  <div
    class="mx-auto max-h-[560px] max-w-[628px]"
    data-testid="qr-card-test-id"
  >
    <article
      class="rounded-default h-full w-full bg-card-gradient-left pl-px"
      data-testid="basic-card-test-id"
    >
      <div
        class="bg-bg-secondary border-grey rounded-inner-card h-full w-full border-1 border-l-0 p-10"
      >
        <div
          class="mx-auto flex h-full w-full max-w-[328px] flex-col items-center justify-center gap-10"
        >
          <div
            class="rounded-default relative hidden aspect-square max-h-[340px] w-full border-[1px] border-[#3D3D3D] bg-white md:block"
          >
            <img
              alt="QR code"
              class="object-contain"
              data-nimg="1"
              decoding="async"
              height="328"
              src="/_next/image?url=https%3A%2F%2Fupload.wikimedia.org%2Fwikipedia%2Fcommons%2Fthumb%2Fd%2Fd0%2FQR_code_for_mobile_English_Wikipedia.svg%2F500px-QR_code_for_mobile_English_Wikipedia.svg.png&w=750&q=75"
              srcset="/_next/image?url=https%3A%2F%2Fupload.wikimedia.org%2Fwikipedia%2Fcommons%2Fthumb%2Fd%2Fd0%2FQR_code_for_mobile_English_Wikipedia.svg%2F500px-QR_code_for_mobile_English_Wikipedia.svg.png&w=384&q=75 1x, /_next/image?url=https%3A%2F%2Fupload.wikimedia.org%2Fwikipedia%2Fcommons%2Fthumb%2Fd%2Fd0%2FQR_code_for_mobile_English_Wikipedia.svg%2F500px-QR_code_for_mobile_English_Wikipedia.svg.png&w=750&q=75 2x"
              style="color: transparent;"
              width="328"
            />
          </div>
          <a
            class="w-full"
            href="https://www.google.com"
          >
            <button
              class="rounded-default w-full px-6 py-4 transition-colors sm:px-8 sm:py-5 sm:text-xl/5 md:text-2xl/7 border-2 border-btn-bg text-text-green hover:border-btn-bg-hover active:border-btn-bg-click hover:text-btn-bg-hover active:text-btn-bg-click disabled:text-btn-text-disabled-secondary disabled:border-btn-text-disabled-secondary"
              data-testid="button-test-id"
            >
              Button Text
            </button>
          </a>
        </div>
      </div>
    </article>
  </div>
</div>
`;
