// Jest Snapshot v1, https://goo.gl/fbAQLP

exports[`InternalLink Component matches snapshot 1`] = `
<div>
  <a
    class="custom-class"
    data-testid="internal-link-test-id"
    href="/test-page"
    title="Test Link"
  />
</div>
`;

exports[`InternalLink Component renders the link with correct text and href 1`] = `
<div>
  <a
    class="custom-class"
    data-testid="internal-link-test-id"
    href="/test-page"
    title="Test Link"
  />
</div>
`;
