// Jest Snapshot v1, https://goo.gl/fbAQLP

exports[`ArrowBack component renders correctly with the correct test id and matches snapshot 1`] = `
<svg
  data-testid="arrow-back-test-id"
  fill="currentColor"
  height="16"
  viewBox="0 0 37 16"
  width="37"
  xmlns="http://www.w3.org/2000/svg"
>
  <path
    d="M.293 7.293a1 1 0 0 0 0 1.414l6.364 6.364a1 1 0 0 0 1.414-1.414L2.414 8l5.657-5.657A1 1 0 0 0 6.657.93zM37 7H1v2h36z"
  />
</svg>
`;
