// Jest Snapshot v1, https://goo.gl/fbAQLP

exports[`StageCard renders correctly with valid data 1`] = `
<div>
  <article
    class="rounded-default border-grey bg-bg-secondary flex w-full items-center gap-4 border-1 px-3 py-6 lg:h-[200px] lg:px-8 xl:items-start"
    data-testid="stage-card-test-id"
  >
    <div
      class="flex h-full items-center justify-center"
    >
      <p
        class="rotated text-description text-4xl-40 leading-[140%] font-bold tracking-normal"
      >
        КРОК 1
      </p>
    </div>
    <div
      class="flex flex-col gap-3"
    >
      <h3
        class="text-2xl leading-[120%] font-bold tracking-normal"
      >
        Залишаєте заявку
      </h3>
      <p
        class="lg:text-basis text-base leading-[140%] tracking-normal"
      >
        Просто заповніть форму, і ми з вами зв'яжемося найближчим часом.
      </p>
    </div>
  </article>
</div>
`;
