// Jest Snapshot v1, https://goo.gl/fbAQLP

exports[`FAQSection renders correctly and matches snapshot 1`] = `
<div>
  <div
    class="flex flex-col items-start lg:mb-10 lg:flex-row lg:items-center lg:justify-between xl:mb-10"
  >
    <h2
      class="font-bold uppercase xl:text-14 w-fit text-left text-2xl leading-[120%] tracking-normal lg:text-5xl lg:leading-[110%]"
      data-testid="section-title-test-id"
    >
      Часті питання
    </h2>
    <a
      data-testid="internal-link-test-id"
      href="/faq"
    >
      <button
        class="rounded-default w-full cursor-pointer transition-colors disabled:cursor-default underline-thick px-0 text-text-white py-4 xl:py-5 hover:text-btn-text-hover-secondary active:text-btn-text-click-secondary disabled:text-btn-text-disabled-secondary text-lg leading-none font-bold tracking-normal uppercase lg:text-xl lg:leading-5"
        data-testid="button-test-id"
        type="button"
      >
        Дивитись деталі
      </button>
    </a>
  </div>
  <article
    class="mt-8 flex flex-col"
    data-testid="faq-card-test-id"
  >
    <div
      class="flex flex-col items-start gap-4 lg:flex-row"
    >
      <h4
        class="w-full shrink-0 text-base leading-[150%] font-bold whitespace-pre-line lg:w-[412px] lg:text-2xl lg:leading-[120%]"
      >
        З якого віку беруть в 162 бат ТРО?
      </h4>
      <div
        class="flex flex-1 flex-col gap-3 lg:text-2xl"
      >
        <p>
          Приєднатися до лав 162-ої бату ТРО  можна з 18-ти років.
        </p>
      </div>
    </div>
    <div
      class="mt-8 w-full relative h-0.5 w-full bg-divider-gradient"
      data-testid="divider-test-id"
      role="separator"
    >
      <span
        class="absolute inset-0 h-full w-full divider-stripes-8"
      />
    </div>
  </article>
</div>
`;
